<script setup lang="ts">
import _zintl_mgr_b_src_main_bootstrap from "virtual:zintl/manager/none/entry:b_src_main_bootstrap";
import { _t } from "virtual:zintl/runtime/internal";

import { ref } from "vue";
import viteLogo from "../assets/vite.svg";
import heroImg from "../assets/hero.png";
import vueLogo from "../assets/vue.svg";

const count = ref(0);
</script>

<template>
  <section id="center">
    <div class="hero">
      <img :src="heroImg" class="base" width="170" height="179" alt="" />
      <img :src="vueLogo" class="framework" :alt="_t('Vue logo', { _mgr: _zintl_mgr_b_src_main_bootstrap, _bId: 'b_src_components_HelloWorld_vue' })" />
      <img :src="viteLogo" class="vite" :alt="_t('Vite logo', { _mgr: _zintl_mgr_b_src_main_bootstrap, _bId: 'b_src_components_HelloWorld_vue' })" />
    </div>
    <div>
      <h1>{{ _t('Get started', { _mgr: _zintl_mgr_b_src_main_bootstrap, _bId: 'b_src_components_HelloWorld_vue' }) }}</h1>
      <p><span v-html="_t('Edit <code>src/App.vue</code> and save to test <code>HMR</code>', { _mgr: _zintl_mgr_b_src_main_bootstrap, _bId: 'b_src_components_HelloWorld_vue', _tags: JSON.parse('[\x7b&quot;alias&quot;:&quot;code&quot;,&quot;originalOpen&quot;:&quot;<code>&quot;,&quot;tagName&quot;:&quot;code&quot;\x7d]') })"></span></p>
    </div>
    <button type="button" class="counter" @click="count++">{{ _t('Count is \x7bcount\x7d', { count: count }, { _mgr: _zintl_mgr_b_src_main_bootstrap, _bId: 'b_src_components_HelloWorld_vue' }) }}</button>
  </section>

  <div class="ticks"></div>

  <section id="next-steps">
    <div id="docs">
      <svg class="icon" role="presentation" aria-hidden="true">
        <use href="/icons.svg#documentation-icon"></use>
      </svg>
      <h2>{{ _t('Documentation', { _mgr: _zintl_mgr_b_src_main_bootstrap, _bId: 'b_src_components_HelloWorld_vue' }) }}</h2>
      <p>{{ _t('Your questions, answered', { _mgr: _zintl_mgr_b_src_main_bootstrap, _bId: 'b_src_components_HelloWorld_vue' }) }}</p>
      <ul>
        <li>
          <a href="https://vite.dev/" target="_blank">
            <img class="logo" :src="viteLogo" alt="" />
            {{ _t('Explore Vite', { _mgr: _zintl_mgr_b_src_main_bootstrap, _bId: 'b_src_components_HelloWorld_vue' }) }}
          </a>
        </li>
        <li>
          <a href="https://vuejs.org/" target="_blank">
            <img class="button-icon" :src="vueLogo" alt="" />
            {{ _t('Learn more', { _mgr: _zintl_mgr_b_src_main_bootstrap, _bId: 'b_src_components_HelloWorld_vue' }) }}
          </a>
        </li>
      </ul>
    </div>
    <div id="social">
      <svg class="icon" role="presentation" aria-hidden="true">
        <use href="/icons.svg#social-icon"></use>
      </svg>
      <h2>{{ _t('Connect with us', { _mgr: _zintl_mgr_b_src_main_bootstrap, _bId: 'b_src_components_HelloWorld_vue' }) }}</h2>
      <p>{{ _t('Join the Vite community', { _mgr: _zintl_mgr_b_src_main_bootstrap, _bId: 'b_src_components_HelloWorld_vue' }) }}</p>
      <ul>
        <li>
          <a href="https://github.com/vitejs/vite" target="_blank">
            <svg class="button-icon" role="presentation" aria-hidden="true">
              <use href="/icons.svg#github-icon"></use>
            </svg>
            {{ _t('GitHub', { _mgr: _zintl_mgr_b_src_main_bootstrap, _bId: 'b_src_components_HelloWorld_vue' }) }}
          </a>
        </li>
        <li>
          <a href="https://chat.vite.dev/" target="_blank">
            <svg class="button-icon" role="presentation" aria-hidden="true">
              <use href="/icons.svg#discord-icon"></use>
            </svg>
            {{ _t('Discord', { _mgr: _zintl_mgr_b_src_main_bootstrap, _bId: 'b_src_components_HelloWorld_vue' }) }}
          </a>
        </li>
        <li>
          <a href="https://x.com/vite_js" target="_blank">
            <svg class="button-icon" role="presentation" aria-hidden="true">
              <use href="/icons.svg#x-icon"></use>
            </svg>
            {{ _t('X.com', { _mgr: _zintl_mgr_b_src_main_bootstrap, _bId: 'b_src_components_HelloWorld_vue' }) }}
          </a>
        </li>
        <li>
          <a href="https://bsky.app/profile/vite.dev" target="_blank">
            <svg class="button-icon" role="presentation" aria-hidden="true">
              <use href="/icons.svg#bluesky-icon"></use>
            </svg>
            {{ _t('Bluesky', { _mgr: _zintl_mgr_b_src_main_bootstrap, _bId: 'b_src_components_HelloWorld_vue' }) }}
          </a>
        </li>
      </ul>
    </div>
  </section>

  <div class="ticks"></div>
  <section id="spacer"></section>
</template>