import _zintl_asset_0 from "<MONOREPO_ROOT>/examples/rsbuild-spa/src/i18n/src/about.ar.txt?zintl-raw";
const catalog = {
    "b_src_main_render": {
      "Get started": "ابدأ الآن",
      "Edit <code>src/main.ts</code> and save to test <code>HMR</code>": "عدّل <code>src/main.ts</code> واحفظ لاختبار <code>HMR</code>",
      "Documentation": "وثائق",
      "Your questions, answered": "إجابات لأسئلتك",
    },
    "b_src_counter_setupCounter": {
      "Count is {counter}": (params) => {
    const { counter } = params;
    return `العدد هو ${params['counter']}`;
  },
    },
    "b_assets": {
    "@zintl/asset:src/about.txt": _zintl_asset_0,
  },
  };
if (typeof globalThis !== "undefined" && globalThis.__zintl_active) {
  globalThis.__zintl_active.addCatalogs({ ["ar"]: catalog }, 0);
}
export default catalog;
if (import.meta.webpackHot) { import.meta.webpackHot.accept(); }