"use strict";
(self["rspackChunkrsbuild_vue_mpa"] = self["rspackChunkrsbuild_vue_mpa"] || []).push([[4], {
46(__unused_rspack_module, __webpack_exports__, __webpack_require__) {
__webpack_require__.r(__webpack_exports__);
const catalog = {
    "b_67edc86dc5a4": {
      "abdb1589": "كل شيء نص عادي",
      "45d702f4": "لهذه الصفحة نقطة دخول خاصة بها، وحزمة كتالوج خاصة بها.",
      "22857f41": "الترويسة أعلاه مشتركة، وتُرسي مرساتها بنفسها.",
    },
  };
/* export default */ __webpack_exports__["default"] = (catalog);

},

}]);