const catalog = {
    "b_src_App_tsx_App": {
      "Solid logo": "شعار سوليد",
      "Vite logo": "شعار فيت",
      "Get started": "البدء",
      "Edit <code>src/App.tsx</code> and save to test <code>HMR</code>": "عدل <code>src/App.tsx</code> واحفظه لاختبار <code>HMR</code>",
      "Count is {input}": (params) => {
    const { input } = params;
    return `العدد هو ${params['input']}`;
  },
      "Documentation": "التوثيق",
      "Your questions, answered": "تمت الإجابة على أسئلتك",
      "<img/> Explore Vite": "<img/> استكشف فيت",
      "<img/> Learn more": "<img/> تعلم المزيد",
      "Connect with us": "تواصل معنا",
      "Join the Vite community": "انضم إلى مجتمع فيت",
    },
  };
if (typeof globalThis !== "undefined" && globalThis.__zintl_active) {
  globalThis.__zintl_active.addCatalogs({ ["ar"]: catalog }, 0);
}
export default catalog;
if (import.meta.hot) { import.meta.hot.accept(); }