"use strict";
(self["rspackChunkrsbuild_svelte_basic"] = self["rspackChunkrsbuild_svelte_basic"] || []).push([[0], {
114(__unused_rspack_module, __webpack_exports__, __webpack_require__) {
__webpack_require__.r(__webpack_exports__);
const catalog = {
    "b_b071a5cc9dda": {
      "b3cbd2ca": "Rsbuild مع Svelte",
      "9724cf0a": "ابدأ ببناء أشياء مذهلة مع Rsbuild.",
      "b339a4ca": "عدّل <code>src/App.svelte</code> واحفظ لاختبار <code>HMR</code>",
      "aa624128": (params) => {
    const { count } = params;
    return `العدد هو ${params['count']}`;
  },
    },
  };
/* export default */ __webpack_exports__["default"] = (catalog);

},

}]);