export default (() => {
  const manager = { id: "b_src_index_render", loader: (locale) => {
      switch(locale) { 
        case "en":
          return {
    "b_src_index_render": {
      "Vanilla Rsbuild": "Vanilla Rsbuild",
      "Start building amazing things with Rsbuild.": "Start building amazing things with Rsbuild.",
      "Edit <code>src/index.ts</code> and save to test <code>HMR</code>": "Edit <code>src/index.ts</code> and save to test <code>HMR</code>",
    },
    "b_src_counter_setupCounter": {
      "Count is {counter}": (params) => {
    const { counter } = params;
    return `Count is ${params['counter']}`;
  },
    },
    "b_assets": {
    "@zintl/asset:src/about.txt": "Zintl keeps translations next to the code that needs them.\n",
  },
  };
                case "ar":
          return import("virtual:zintl/content/ar/entry:b_src_index_render").then(m => m.default);
        case "es":
          return import("virtual:zintl/content/es/entry:b_src_index_render").then(m => m.default);
        case "zh":
          return import("virtual:zintl/content/zh/entry:b_src_index_render").then(m => m.default);
        default: return {};
      }
    }, manifest: [] };
  if (typeof globalThis !== "undefined" && globalThis.__zintl_active) {
    globalThis.__zintl_active.registerLoader(manager.id, manager.loader);
  }
  return manager;
})();
if (import.meta.webpackHot) { import.meta.webpackHot.accept(); }