const catalog = {
    "b_src_my_element": {
      "Edit <code>src/my-element.ts</code> and save to test\n            <code>HMR</code>": "Edita <code>src/my-element.ts</code> y guarda para probar <code>HMR</code>",
      "Count is {count}": (params) => {
    const { count } = params;
    return `El recuento es ${params['count']}`;
  },
      "Documentation": "Documentación",
      "Your questions, answered": "Tus preguntas, respondidas",
      "Explore Vite": "Explorar Vite",
      "Learn more": "Aprender más",
      "Connect with us": "Conéctate con nosotros",
      "Join the Vite community": "Únete a la comunidad de Vite",
    },
  };
if (typeof globalThis !== "undefined" && globalThis.__zintl_active) {
  globalThis.__zintl_active.addCatalogs({ ["es"]: catalog }, 0);
}
export default catalog;
if (import.meta.hot) { import.meta.hot.accept(); }