{
  "boundaryToOwner": {
    "src/App.svelte": "src/main:bootstrap",
    "src/lib/Counter.svelte": "src/main:bootstrap",
    "src/lib/LocaleSwitcher.svelte": "src/main:bootstrap",
    "src/lib/LocaleSwitcher.svelte:f_525": "src/lib/LocaleSwitcher.svelte:f_525",
    "src/main:bootstrap": "src/main:bootstrap"
  },
  "chunks": {
    "entry_b_581042b7afb9": {
      "boundaries": [
        "src/lib/LocaleSwitcher.svelte:f_525"
      ],
      "colonies": [],
      "entrySources": [
        "src/lib/LocaleSwitcher.svelte:f_525"
      ],
      "id": "entry_b_581042b7afb9",
      "type": "entry"
    },
    "entry_b_aafcf9c6fe16": {
      "boundaries": [
        "src/App.svelte",
        "src/app.css",
        "src/assets/hero.png",
        "src/assets/svelte.svg",
        "src/assets/vite.svg",
        "src/lib/Counter.svelte",
        "src/lib/LocaleSwitcher.svelte",
        "src/main:bootstrap",
        "svelte"
      ],
      "colonies": [],
      "entrySources": [
        "src/main:bootstrap"
      ],
      "id": "entry_b_aafcf9c6fe16",
      "type": "entry"
    },
    "shared_b_006866fb4e10": {
      "boundaries": [
        "zintljs/macro"
      ],
      "colonies": [],
      "entrySources": [],
      "id": "shared_b_006866fb4e10",
      "type": "shared"
    }
  },
  "entryChunks": {
    "src/lib/LocaleSwitcher.svelte:f_525": "entry_b_581042b7afb9",
    "src/main:bootstrap": "entry_b_aafcf9c6fe16"
  },
  "lazyChunks": [],
  "sharedChunks": [
    "shared_b_006866fb4e10"
  ]
}