import { _t, loadI18nInstance } from "virtual:zintl/runtime/internal";
import _zintl_mgr_b_4f8017c0589a from "virtual:zintl/manager/none/entry:b_4f8017c0589a";
import "./index.css";

import { setupCounter } from "./counter.ts";
import { localeBar, setupSwitcher } from "./switcher.ts";
import aboutText from "./about.txt?raw";

/**
 * `create-rsbuild`'s vanilla starter, plus the shared Zintl locale bar.
 *
 * The strings are ordinary literals in an ordinary template string — there is no
 * `t()` wrapper and no key dictionary. `zintl(lang)` is the trust anchor, and
 * everything reachable from this file through imports belongs to its boundary.
 *
 * Re-running `render()` is this app's only way to repaint, which is exactly why
 * it full-reloads on a dev edit rather than hot-updating: a re-executed entry on
 * Rspack reads its imports from the module cache, so accepting the update would
 * re-seed the store from a stale catalog. See the README, and ledger L-035.
 */
async function render() {
  const lang = new URLSearchParams(window.location.search).get("lang") || "en";
  await (globalThis.__zintl_inst = loadI18nInstance({ locale: lang, loaders: { ["b_4f8017c0589a"]: _zintl_mgr_b_4f8017c0589a.loader } }));

  const rootEl = document.querySelector<HTMLDivElement>("#root");
  if (!rootEl) return;

  rootEl.innerHTML = `
    ${localeBar()}

  <div class="content">
    <h1>${_t("3de7e774", { _mgr: _zintl_mgr_b_4f8017c0589a, _bId: "b_4f8017c0589a" })}</h1>
    <p>${_t("9724cf0a", { _mgr: _zintl_mgr_b_4f8017c0589a, _bId: "b_4f8017c0589a" })}</p>
    <p>${_t("822f0fb2", { _mgr: _zintl_mgr_b_4f8017c0589a, _bId: "b_4f8017c0589a", _tags: [{"alias":"code","originalOpen":"<code>","tagName":"code"}] })}</p>
    <button id="counter" type="button" class="counter"></button>
    <p id="about">${aboutText}</p>
  </div>
`;

  setupCounter(rootEl.querySelector<HTMLButtonElement>("#counter")!);
  setupSwitcher(rootEl.querySelector<HTMLDivElement>("#switcher")!, (newLang) => {
    const url = new URL(window.location.href);
    url.searchParams.set("lang", newLang);
    window.history.pushState({}, "", url);
    void render();
  });
}

void render();