<!doctype html>
<html lang="es" dir="ltr">
  <head>
    <meta charset="UTF-8" />
    <link rel="icon" type="image/svg+xml" href="/favicon.svg" />
    <meta name="viewport" content="width=device-width, initial-scale=1.0" />
    <title>Vite con React — Ejemplo con renderizado en servidor de Zintl</title>
    <!--app-head-->
    <script type="module" crossorigin src="/assets/es/index.js"></script>
    <link rel="modulepreload" crossorigin href="/assets/LocaleSwitcher.js">
    <link rel="stylesheet" crossorigin href="/assets/LocaleSwitcher-tS_Agqth.css">
  </head>
  <body>
    <div id="root"><!--app-html--></div>
  </body>
</html>
