import { loadI18nInstance } from "virtual:zintl/runtime/internal";
import _zintl_mgr_b_src_main_bootstrap from "virtual:zintl/manager/none/entry:b_src_main_bootstrap";
import { createApp } from "vue";

import "./style.css";
import App from "./App.vue";
async function bootstrap() {
  // 1. Resolve current locale from URL query params or fallback to English
  const lang = new URLSearchParams(window.location.search).get("lang") || "en";

  // 2. Await zintl locale loading and catalog hydration
  await (globalThis.__zintl_inst = loadI18nInstance({ locale: lang, loaders: { ["b_src_main_bootstrap"]: _zintl_mgr_b_src_main_bootstrap.loader } }));
  // 3. Mount Vue App after translations are active
  createApp(App).mount("#app");
}
void bootstrap();


if (import.meta.hot) {
  import.meta.hot.accept((newModule) => {
    console.debug("[Zintl] HMR update accepted for: src/main");
  });
}