"use strict";
(self["rspackChunkrsbuild_vue_basic"] = self["rspackChunkrsbuild_vue_basic"] || []).push([[0], {
29(__unused_rspack_module, __webpack_exports__, __webpack_require__) {
__webpack_require__.r(__webpack_exports__);
const catalog = {
    "b_5441d5289c77": {
      "459e4199": "Rsbuild مع Vue",
      "9724cf0a": "ابدأ ببناء أشياء مذهلة مع Rsbuild.",
      "6c65d65b": "عدّل <code>src/App.vue</code> واحفظ لاختبار <code>HMR</code>",
      "aa624128": (params) => {
    const { count } = params;
    return `العدد هو ${params['count']}`;
  },
    },
  };
/* export default */ __webpack_exports__["default"] = (catalog);

},

}]);