import _zintl_asset_0 from "<MONOREPO_ROOT>/examples/rsbuild-spa/src/about.txt?zintl-raw";
export default { id: "b_ae1e7cbb2f74", loader: (locale) => {
      switch(locale) { 
        case "en":
          return {
    "b_ae1e7cbb2f74": {
      "90e40d50": "Get started",
      "e2aae512": "Edit <code>src/main.ts</code> and save to test <code>HMR</code>",
      "9e9cf322": "Documentation",
      "d0f7666b": "Your questions, answered",
    },
    "b_f05b8e5701f3": {
      "3aaf6932": (params) => {
    const { counter } = params;
    return `Count is ${params['counter']}`;
  },
    },
    "b_assets": {
    "749ed136": _zintl_asset_0,
  },
  };
                case "ar":
          return import("virtual:zintl/content/ar/entry:b_ae1e7cbb2f74").then(m => m.default);
        case "es":
          return import("virtual:zintl/content/es/entry:b_ae1e7cbb2f74").then(m => m.default);
        case "zh":
          return import("virtual:zintl/content/zh/entry:b_ae1e7cbb2f74").then(m => m.default);
        default: return {};
      }
    }, manifest: [] };