const catalog = {
    "b_147a3a1c1a40": {
      "90e40d50": "Empezar",
      "9fd2f187": "Editar <code>src/App.tsx</code> y guardar para probar <code>HMR</code>",
      "aa624128": (params) => {
    const { count } = params;
    return `La cuenta es ${params['count']}`;
  },
      "9e9cf322": "Documentación",
      "d0f7666b": "Tus preguntas, respondidas",
    },
  };
export default catalog;