import _zintl_asset_0 from "<MONOREPO_ROOT>/examples/rsbuild-spa/src/i18n/src/about.zh.txt?zintl-raw";
const catalog = {
    "b_src_main_render": {
      "Get started": "开始使用",
      "Edit <code>src/main.ts</code> and save to test <code>HMR</code>": "编辑 <code>src/main.ts</code> 并保存以测试 <code>HMR</code>",
      "Documentation": "文档",
      "Your questions, answered": "你的问题，已有答案",
    },
    "b_src_counter_setupCounter": {
      "Count is {counter}": (params) => {
    const { counter } = params;
    return `计数为 ${params['counter']}`;
  },
    },
    "b_assets": {
    "@zintl/asset:src/about.txt": _zintl_asset_0,
  },
  };
if (typeof globalThis !== "undefined" && globalThis.__zintl_active) {
  globalThis.__zintl_active.addCatalogs({ ["zh"]: catalog }, 0);
}
export default catalog;
if (import.meta.webpackHot) { import.meta.webpackHot.accept(); }