{
  "entries": [
    "index.html",
    "src/main:render"
  ],
  "nodes": {
    "index.html": {
      "activeLocales": "all",
      "deps": [
        {
          "bindings": [],
          "dynamic": false,
          "id": "src/main"
        }
      ],
      "filePath": "index.html",
      "id": "index.html",
      "mode": "entry",
      "usageCount": 0
    },
    "src/counter:setupCounter": {
      "activeLocales": "all",
      "deps": [],
      "filePath": "src/counter",
      "id": "src/counter:setupCounter",
      "mode": "boundary",
      "usageCount": 0
    },
    "src/main": {
      "activeLocales": "all",
      "deps": [
        {
          "bindings": [
            "default"
          ],
          "dynamic": false,
          "id": "src/assets/hero.png"
        },
        {
          "bindings": [
            "default"
          ],
          "dynamic": false,
          "id": "src/assets/icons.svg?raw"
        },
        {
          "bindings": [
            "default"
          ],
          "dynamic": false,
          "id": "src/assets/typescript.svg"
        },
        {
          "bindings": [
            "default"
          ],
          "dynamic": false,
          "id": "src/assets/vite.svg"
        },
        {
          "bindings": [
            "setupCounter"
          ],
          "dynamic": false,
          "id": "src/counter:setupCounter"
        },
        {
          "dynamic": false,
          "id": "src/main:render"
        },
        {
          "dynamic": false,
          "id": "src/main:render"
        },
        {
          "bindings": [],
          "dynamic": false,
          "id": "src/style.css"
        },
        {
          "bindings": [
            "setupSwitcher"
          ],
          "dynamic": false,
          "id": "src/switcher:setupSwitcher"
        },
        {
          "bindings": [
            "zintl"
          ],
          "dynamic": false,
          "id": "zintl/macro"
        }
      ],
      "filePath": "src/main",
      "id": "src/main",
      "mode": "boundary",
      "usageCount": 0
    },
    "src/main:render": {
      "activeLocales": "all",
      "deps": [
        {
          "bindings": [
            "default"
          ],
          "dynamic": false,
          "id": "src/assets/hero.png"
        },
        {
          "bindings": [
            "default"
          ],
          "dynamic": false,
          "id": "src/assets/icons.svg?raw"
        },
        {
          "bindings": [
            "default"
          ],
          "dynamic": false,
          "id": "src/assets/typescript.svg"
        },
        {
          "bindings": [
            "default"
          ],
          "dynamic": false,
          "id": "src/assets/vite.svg"
        },
        {
          "bindings": [
            "setupCounter"
          ],
          "dynamic": false,
          "id": "src/counter:setupCounter"
        },
        {
          "bindings": [],
          "dynamic": false,
          "id": "src/style.css"
        },
        {
          "bindings": [
            "setupSwitcher"
          ],
          "dynamic": false,
          "id": "src/switcher:setupSwitcher"
        },
        {
          "bindings": [
            "zintl"
          ],
          "dynamic": false,
          "id": "zintl/macro"
        }
      ],
      "filePath": "src/main",
      "id": "src/main:render",
      "mode": "entry",
      "usageCount": 0
    },
    "vite.config": {
      "activeLocales": "all",
      "deps": [
        {
          "bindings": [
            "defineConfig"
          ],
          "dynamic": false,
          "id": "vite-plus"
        },
        {
          "dynamic": false,
          "id": "vite.config"
        },
        {
          "bindings": [
            "default"
          ],
          "dynamic": false,
          "id": "zintl/vite"
        }
      ],
      "filePath": "vite.config",
      "id": "vite.config",
      "mode": "boundary",
      "usageCount": 0
    }
  }
}