{
  "boundaryToOwner": {
    "src/counter:setupCounter": "src/main:render",
    "src/main:render": "src/main:render"
  },
  "chunks": {
    "entry_b_ae1e7cbb2f74": {
      "boundaries": [
        "src/assets/hero.png",
        "src/assets/icons.svg?raw",
        "src/assets/typescript.svg",
        "src/assets/vite.svg",
        "src/counter:setupCounter",
        "src/main:render",
        "src/style.css",
        "src/switcher:setupSwitcher",
        "zintljs/macro"
      ],
      "colonies": [],
      "entrySources": [
        "src/main:render"
      ],
      "id": "entry_b_ae1e7cbb2f74",
      "type": "entry"
    }
  },
  "entryChunks": {
    "src/main:render": "entry_b_ae1e7cbb2f74"
  },
  "lazyChunks": [],
  "sharedChunks": []
}