"use strict";
(self["rspackChunkrsbuild_vanilla_basic"] = self["rspackChunkrsbuild_vanilla_basic"] || []).push([[0], {
13(__unused_rspack_module, __webpack_exports__, __webpack_require__) {
__webpack_require__.r(__webpack_exports__);
/* import */ var <MONOREPO_ROOT>_tmp_runs_wN_rsbuild_vanilla_basic_src_i18n_src_about_ar_txt_zintl_raw__rspack_import_0 = __webpack_require__(14);

const catalog = {
    "b_4f8017c0589a": {
      "3de7e774": "Rsbuild الأساسي",
      "9724cf0a": "ابدأ ببناء أشياء مذهلة مع Rsbuild.",
      "822f0fb2": "عدّل <code>src/index.ts</code> واحفظ لاختبار <code>HMR</code>",
    },
    "b_f05b8e5701f3": {
      "3aaf6932": (params) => {
    const { counter } = params;
    return `${(() => {
      const rule = new Intl.PluralRules('ar').select(params['counter']);
      if (rule === 'zero') return `لم يبدأ العد بعد`;
      if (rule === 'one') return `العدد واحد`;
      if (rule === 'two') return `العدد اثنان`;
      if (rule === 'few') return `العدد ${params['counter']}`;
      if (rule === 'many') return `العدد ${params['counter']}`;
      return `العدد ${params['counter']}`;
    })()}`;
  },
    },
    "b_assets": {
    "749ed136": <MONOREPO_ROOT>_tmp_runs_wN_rsbuild_vanilla_basic_src_i18n_src_about_ar_txt_zintl_raw__rspack_import_0["default"],
  },
  };
/* export default */ __webpack_exports__["default"] = (catalog);

},
14(__unused_rspack_module, __webpack_exports__, __webpack_require__) {
__webpack_require__.r(__webpack_exports__);
/* export default */ __webpack_exports__["default"] = ("يبقي Zintl الترجمات بجانب الشيفرة التي تحتاجها.\n");

},

}]);