const catalog = {
    "b_src_main_render": {
      "TypeScript logo": "TypeScript 图标",
      "Vite logo": "Vite 图标",
      "Get started": "开始使用",
      "Edit <code>src/main.ts</code> and save to test <code>HMR</code>": "编辑 <code>src/main.ts</code> 并保存以测试 <code>HMR</code>",
      "Documentation": "文档",
      "Your questions, answered": "你的问题，已有答案",
      "Explore Vite": "探索 Vite",
      "Learn more": "了解更多",
      "Connect with us": "联系我们",
      "Join the Vite community": "加入 Vite 社区",
    },
    "b_src_counter_setupCounter": {
      "Count is {counter}": (params) => {
    const { counter } = params;
    return `计数为 ${params['counter']}`;
  },
    },
  };
if (typeof globalThis !== "undefined" && globalThis.__zintl_active) {
  globalThis.__zintl_active.addCatalogs({ ["zh"]: catalog }, 0);
}
export default catalog;
if (import.meta.hot) { import.meta.hot.accept(); }