import "../style.js";
//#region examples/vanilla-ssr/src/counter.ts?zintl-multiplex=zh
function setupCounter(element) {
	let counter = 0;
	const setCounter = (count) => {
		counter = count;
		element.innerHTML = `计数为 ${counter}`;
	};
	element.addEventListener("click", () => setCounter(counter + 1));
	setCounter(0);
}
//#endregion
//#region examples/vanilla-ssr/src/entry-client.ts?zintl-multiplex=zh
setupCounter(document.querySelector("#counter"));
//#endregion
