import { loadI18nInstance } from "virtual:zintl/runtime/internal";
import _zintl_mgr_b_aafcf9c6fe16 from "virtual:zintl/manager/none/entry:b_aafcf9c6fe16";


/**
 * The localization layer for `create-vite`'s lit-ts template.
 *
 * The template has no entry of its own — `index.html` loads `/src/my-element.ts`
 * directly, and the element upgrades the moment that module evaluates, because
 * `@customElement` calls `customElements.define` at module scope. That is the
 * one thing localization cannot live with: an element that upgrades before the
 * catalog exists paints the source locale first.
 *
 * So the imports are **dynamic and awaited**, which is the whole trick. Nothing
 * defines a custom element until `zintl(lang)` has resolved, and the first paint
 * is already translated. Everything else in `index.html` is the template's.
 */
async function bootstrap() {
  const lang = new URLSearchParams(window.location.search).get("lang") || "en";
  await (globalThis.__zintl_inst = loadI18nInstance({ locale: lang, loaders: { ["b_aafcf9c6fe16"]: _zintl_mgr_b_aafcf9c6fe16.loader, ["b_d602f1d7fa4a"]: _zintl_mgr_b_aafcf9c6fe16.loader } }));

  await Promise.all([import("./components/locale-bar.ts"), import("./my-element.ts")]);

  /**
   * Repaint on a locale change — done by the application, not by Zintl.
   *
   * A Lit element redraws when a reactive property changes or when something
   * calls `requestUpdate()` on that instance, and a module-level store can reach
   * neither. `litRuntimeFacet` leaves `repaintsOnCatalogUpdate` undeclared for
   * exactly this reason rather than claiming a repaint it cannot deliver, and
   * this listener is what an application writes instead.
   */
  document.addEventListener("locale-change", () => {
    for (const el of document.querySelectorAll("my-element, locale-bar")) {
      (el as HTMLElement & { requestUpdate?: () => void }).requestUpdate?.();
    }
  });
}

void bootstrap();