<script setup lang="ts">
import _zintl_mgr_b_dd563dcb7e61 from "virtual:zintl/manager/none/entry:b_dd563dcb7e61";
import { shallowRef, onScopeDispose, getCurrentScope } from "vue";
const __zintl_v = shallowRef(getStoreVersion());
const __zintl_off = subscribe(() => {
  __zintl_v.value = getStoreVersion();
});
if (getCurrentScope()) onScopeDispose(__zintl_off);
import { _t, subscribe, getStoreVersion } from "virtual:zintl/runtime/internal";

import { ref } from "vue";
import LocaleSwitcher from "./components/LocaleSwitcher.vue";
import OptionsNote from "./components/OptionsNote.vue";

const activeLang = ref(new URLSearchParams(window.location.search).get("lang") || "en");

const count = ref(0);

const handleSwitch = (lang: string) => {
  // Updating the ref is what remounts the tree through `:key`. The catalog has
  // already been swapped by the switcher's own `await zintl(lang)`.
  activeLang.value = lang;
};
</script>

<template>
  <div :key="activeLang">
    <LocaleSwitcher :lang="activeLang" @switch="handleSwitch" />
    <div class="content">
      <h1>{{ _t('459e4199', { _mgr: _zintl_mgr_b_dd563dcb7e61, _bId: 'b_5441d5289c77', _v: __zintl_v.value }) }}</h1>
      <p>{{ _t('9724cf0a', { _mgr: _zintl_mgr_b_dd563dcb7e61, _bId: 'b_5441d5289c77', _v: __zintl_v.value }) }}</p>
      <p><span v-html="_t('6c65d65b', { _mgr: _zintl_mgr_b_dd563dcb7e61, _bId: 'b_5441d5289c77', _tags: JSON.parse('[\x7b&quot;alias&quot;:&quot;code&quot;,&quot;originalOpen&quot;:&quot;<code>&quot;,&quot;tagName&quot;:&quot;code&quot;\x7d]'), _v: __zintl_v.value })"></span></p>
      <OptionsNote />
      <button id="counter" type="button" class="counter" @click="count++">
        {{ _t('aa624128', { count: count }, { _mgr: _zintl_mgr_b_dd563dcb7e61, _bId: 'b_5441d5289c77', _v: __zintl_v.value }) }}
      </button>
    </div>
  </div>
</template>

<style scoped>
/* `create-rsbuild`'s `template-vue-ts/src/App.vue` styles, plus what the
 * counter and the inline `<code>` need. */
.content {
  display: flex;
  min-height: 100vh;
  line-height: 1.1;
  text-align: center;
  flex-direction: column;
  justify-content: center;
}

.content h1 {
  font-size: 3.6rem;
  font-weight: 700;
}

.content p {
  font-size: 1.2rem;
  font-weight: 400;
  opacity: 0.5;
}

.content code {
  padding: 0.1em 0.35em;
  border-radius: 4px;
  background: rgb(255 255 255 / 10%);
  font-family: ui-monospace, SFMono-Regular, Menlo, monospace;
  font-size: 0.9em;
}

.counter {
  font: inherit;
  font-size: 1rem;
  color: #fff;
  cursor: pointer;
  align-self: center;
  margin-block-start: 1.5rem;
  padding: 0.55rem 1.4rem;
  border: 1px solid rgb(255 255 255 / 15%);
  border-radius: 8px;
  background: rgb(255 255 255 / 6%);
}

.counter:hover {
  background: rgb(255 255 255 / 12%);
}
</style>