const catalog = {
    "b_ae1e7cbb2f74": {
      "90e40d50": "ابدأ الآن",
      "e2aae512": "عدّل <code>src/main.ts</code> واحفظ لاختبار <code>HMR</code>",
      "9e9cf322": "وثائق",
      "d0f7666b": "إجابات لأسئلتك",
    },
    "b_f05b8e5701f3": {
      "3aaf6932": (params) => {
    const { counter } = params;
    return `العدد هو ${params['counter']}`;
  },
    },
  };
export default catalog;