const catalog = {
    "b_src_components_HelloWorld_vue": {
      "Rsbuild with Vue": "Rsbuild مع Vue",
      "Start building amazing things with Rsbuild.": "ابدأ ببناء أشياء مذهلة مع Rsbuild.",
      "Edit <code>src/components/HelloWorld.vue</code> and save to test <code>HMR</code>": "عدّل <code>src/components/HelloWorld.vue</code> واحفظ لاختبار <code>HMR</code>",
      "Count is {count}": (params) => {
    const { count } = params;
    return `العدد هو ${params['count']}`;
  },
      "Read the guide": "اقرأ الدليل",
    },
    "b_src_components_AboutWorld_vue": {
      "Everything is a plain string": "كل شيء نص عادي",
      "This route arrived in its own chunk, and so did its translations.": "وصل هذا المسار في حزمة خاصة به، وكذلك ترجماته.",
      "No <code>t()</code> wrapper, no key dictionary, no manual catalog.": "بلا غلاف <code>t()</code>، وبلا قاموس مفاتيح، وبلا كتالوج يدوي.",
      "Back to the start": "العودة إلى البداية",
    },
  };
if (typeof globalThis !== "undefined" && globalThis.__zintl_active) {
  globalThis.__zintl_active.addCatalogs({ ["ar"]: catalog }, 0);
}
export default catalog;
if (import.meta.webpackHot) { import.meta.webpackHot.accept(); }