const catalog = {
    "b_src_App_tsx_default": {
      "Rsbuild with React": "Rsbuild 搭配 React",
      "Start building amazing things with Rsbuild.": "使用 Rsbuild 开始构建精彩的应用。",
      "Edit <code>src/App.tsx</code> and save to test <code>HMR</code>": "编辑 <code>src/App.tsx</code> 并保存以测试 <code>HMR</code>",
      "Count is {count}": (params) => {
    const { count } = params;
    return `计数为 ${params['count']}`;
  },
    },
  };
if (typeof globalThis !== "undefined" && globalThis.__zintl_active) {
  globalThis.__zintl_active.addCatalogs({ ["zh"]: catalog }, 0);
}
export default catalog;
if (import.meta.webpackHot) { import.meta.webpackHot.accept(); }