(() => {
"use strict";
var __webpack_modules__ = ({
8(__unused_rspack_module, __webpack_exports__, __webpack_require__) {
__webpack_require__.r(__webpack_exports__);
// extracted by css-extract-rspack-plugin


},
0(__unused_rspack_module, __webpack_exports__, __webpack_require__) {
__webpack_require__.r(__webpack_exports__);
/* import */ var virtual_zintl_runtime_internal__rspack_import_0 = __webpack_require__(1);
/* import */ var virtual_zintl_manager_none_entry_b_4f8017c0589a__rspack_import_1 = __webpack_require__(7);
/* import */ var _index_css__rspack_import_2 = __webpack_require__(8);
/* import */ var _router_ts__rspack_import_3 = __webpack_require__(9);
/* import */ var _pages_Home_ts__rspack_import_4 = __webpack_require__(10);
/* import */ var _switcher_ts__rspack_import_5 = __webpack_require__(11);






/**
 * A routed vanilla SPA on Rspack, from `create-rsbuild`'s vanilla starter.
 *
 * What this adds over `examples/rsbuild-vanilla-basic` is one dynamic import.
 * `/about` is fetched on demand, so its strings live in a boundary the entry
 * never statically imports — and Zintl emits that boundary's catalog behind the
 * same dynamic import Rspack uses for the page. Catalogs follow the host's
 * chunking; nothing in Zintl knows what the host chose.
 */ async function render() {
    const lang = new URLSearchParams(window.location.search).get("lang") || "en";
    await (globalThis.__zintl_inst = (0,virtual_zintl_runtime_internal__rspack_import_0.loadI18nInstance)({
        locale: lang,
        loaders: {
            ["b_4f8017c0589a"]: virtual_zintl_manager_none_entry_b_4f8017c0589a__rspack_import_1["default"].loader,
            ["b_41f76352d384"]: virtual_zintl_manager_none_entry_b_4f8017c0589a__rspack_import_1["default"].loader
        }
    }));
    const rootEl = document.querySelector("#root");
    if (!rootEl) return;
    const shell = document.createElement("div");
    shell.innerHTML = `<div id="switcher" class="switcher"></div><div id="view"></div>`;
    rootEl.replaceChildren(shell);
    const view = shell.querySelector("#view");
    const router = new _router_ts__rspack_import_3.Router(view);
    router.addRoute("/", ()=>(0,_pages_Home_ts__rspack_import_4.Home)());
    router.addRoute("/about", async ()=>{
        const { About } = await __webpack_require__.e(/* import() */ 0).then(__webpack_require__.bind(__webpack_require__, 12));
        return About();
    });
    // Intercept in-app links so navigation stays client-side.
    view.addEventListener("click", (event)=>{
        const link = event.target.closest("a[data-link]");
        if (!link) return;
        event.preventDefault();
        void router.navigate(link.getAttribute("href"));
    });
    (0,_switcher_ts__rspack_import_5.setupSwitcher)(shell.querySelector("#switcher"), (newLang)=>{
        const url = new URL(window.location.href);
        url.searchParams.set("lang", newLang);
        window.history.pushState({}, "", url);
        void render();
    });
    await router.init();
}
void render();


},
10(__unused_rspack_module, __webpack_exports__, __webpack_require__) {
__webpack_require__.r(__webpack_exports__);
__webpack_require__.d(__webpack_exports__, {
  Home: () => (Home)
});
/* import */ var virtual_zintl_runtime_internal__rspack_import_0 = __webpack_require__(1);
/* import */ var virtual_zintl_manager_none_entry_b_4f8017c0589a__rspack_import_1 = __webpack_require__(7);


/**
 * The strings reach Zintl because they are assigned to `innerHTML`.
 *
 * That is not incidental. Extraction stitches *HTML* out of template literals,
 * and it knows a template literal is HTML from where it is written to — an
 * assignment sink like `innerHTML`. A bare `return \`<h1>…\`` is just a string
 * as far as the extractor can tell, and is left alone. Same rule on both hosts.
 */ function Home() {
    const container = document.createElement("div");
    container.className = "content";
    container.innerHTML = `
    <h1>${(0,virtual_zintl_runtime_internal__rspack_import_0._t)("3de7e774", {
        _mgr: virtual_zintl_manager_none_entry_b_4f8017c0589a__rspack_import_1["default"],
        _bId: "b_16245bf9a205"
    })}</h1>
    <p>${(0,virtual_zintl_runtime_internal__rspack_import_0._t)("9724cf0a", {
        _mgr: virtual_zintl_manager_none_entry_b_4f8017c0589a__rspack_import_1["default"],
        _bId: "b_16245bf9a205"
    })}</p>
    <p>${(0,virtual_zintl_runtime_internal__rspack_import_0._t)("92242ba7", {
        _mgr: virtual_zintl_manager_none_entry_b_4f8017c0589a__rspack_import_1["default"],
        _bId: "b_16245bf9a205",
        _tags: [
            {
                "alias": "code",
                "originalOpen": "<code>",
                "tagName": "code"
            }
        ]
    })}</p>
    <nav class="nav"><a id="to-about" href="/about" data-link>${(0,virtual_zintl_runtime_internal__rspack_import_0._t)("b0fb2e27", {
        _mgr: virtual_zintl_manager_none_entry_b_4f8017c0589a__rspack_import_1["default"],
        _bId: "b_16245bf9a205"
    })}</a></nav>
  `;
    return container;
}


},
9(__unused_rspack_module, __webpack_exports__, __webpack_require__) {
__webpack_require__.r(__webpack_exports__);
__webpack_require__.d(__webpack_exports__, {
  Router: () => (Router)
});
/**
 * The smallest router that can ask the interesting question.
 *
 * A route whose component arrives through `await import()` is a lazy boundary,
 * and a lazy boundary is what makes Zintl's catalog split follow the bundler's
 * own chunking rather than sit in the entry. On Rspack that is `async/` chunks;
 * on Vite it is Rollup's. Neither Zintl nor this file knows which.
 */ class Router {
    routes = [];
    rootElement;
    constructor(rootElement){
        this.rootElement = rootElement;
        window.addEventListener("popstate", ()=>void this.handleRoute());
    }
    addRoute(path, component) {
        this.routes.push({
            path,
            component
        });
    }
    /** Navigate, carrying `?lang` across so the locale survives a route change. */ async navigate(path) {
        const url = new URL(path, window.location.origin);
        const lang = new URLSearchParams(window.location.search).get("lang");
        if (lang && !url.searchParams.has("lang")) url.searchParams.set("lang", lang);
        window.history.pushState({}, "", url.pathname + url.search + url.hash);
        await this.handleRoute();
    }
    async handleRoute() {
        const path = window.location.pathname;
        const route = this.routes.find((r)=>r.path === path) ?? this.routes[0];
        if (!route) return;
        this.rootElement.replaceChildren(await route.component());
    }
    async init() {
        await this.handleRoute();
    }
}


},
11(__unused_rspack_module, __webpack_exports__, __webpack_require__) {
__webpack_require__.r(__webpack_exports__);
__webpack_require__.d(__webpack_exports__, {
  setupSwitcher: () => (setupSwitcher)
});
function setupSwitcher(element, onSwitch) {
    const lang = new URLSearchParams(window.location.search).get("lang") || "en";
    const locales = [
        {
            id: "en",
            name: "English"
        },
        {
            id: "ar",
            name: "العربية"
        },
        {
            id: "es",
            name: "Español"
        },
        {
            id: "zh",
            name: "中文"
        }
    ];
    element.innerHTML = locales.map((l)=>`
    <!-- @zintl-ignore -->
    <button data-lang="${l.id}" class="${lang === l.id ? "active" : ""}">
      ${l.name}
    </button>
  `).join("");
    element.querySelectorAll("button").forEach((btn)=>{
        btn.addEventListener("click", ()=>{
            const newLang = btn.dataset.lang;
            onSwitch(newLang);
        });
    });
}


},

});
// The module cache
var __webpack_module_cache__ = {};

// The require function
function __webpack_require__(moduleId) {

// Check if module is in cache
var cachedModule = __webpack_module_cache__[moduleId];
if (cachedModule !== undefined) {
return cachedModule.exports;
}
// Create a new module (and put it into the cache)
var module = (__webpack_module_cache__[moduleId] = {
exports: {}
});
// Execute the module function
__webpack_modules__[moduleId](module, module.exports, __webpack_require__);

// Return the exports of the module
return module.exports;

}

// expose the modules object (__webpack_modules__)
__webpack_require__.m = __webpack_modules__;

// webpack/runtime/define_property_getters
(() => {
__webpack_require__.d = (exports, getters, values) => {
	var define = (defs, kind) => {
		for(var key in defs) {
			if(__webpack_require__.o(defs, key) && !__webpack_require__.o(exports, key)) {
				Object.defineProperty(exports, key, { enumerable: true, [kind]: defs[key] });
			}
		}
	};
	define(getters, "get");
	define(values, "value");
};
})();
// webpack/runtime/ensure_chunk
(() => {
__webpack_require__.f = {};
// This file contains only the entry chunk.
// The chunk loading function for additional chunks
__webpack_require__.e = (chunkId) => {
	return Promise.all(
		Object.keys(__webpack_require__.f).reduce((promises, key) => {
			__webpack_require__.f[key](chunkId, promises);
			return promises;
		}, [])
	);
};
})();
// webpack/runtime/get javascript chunk filename
(() => {
// This function allow to reference chunks
__webpack_require__.u = (chunkId) => {
  // return url for filenames not based on template
  
  // return url for filenames based on template
  return "static/js/async/" + chunkId + ".js"
}
})();
// webpack/runtime/get mini-css chunk filename
(() => {
// This function allow to reference chunks
__webpack_require__.miniCssF = (chunkId) => {
  // return url for filenames not based on template
  
  // return url for filenames based on template
  return "" + chunkId + ".css"
}
})();
// webpack/runtime/has_own_property
(() => {
__webpack_require__.o = (obj, prop) => (Object.prototype.hasOwnProperty.call(obj, prop))
})();
// webpack/runtime/load_script
(() => {
var inProgress = {};

var uniqueName = "rsbuild-vanilla-spa:";
// loadScript function to load a script via script tag
__webpack_require__.l = function (url, done, key, chunkId) {
	if (inProgress[url]) {
		inProgress[url].push(done);
		return;
	}
	var script, needAttach;
	if (key !== undefined) {
		var scripts = document.getElementsByTagName("script");
		for (var i = 0; i < scripts.length; i++) {
			var s = scripts[i];
			if (s.getAttribute("src") == url || s.getAttribute("data-rspack") == uniqueName + key) {
				script = s;
				break;
			}
		}
	}
	if (!script) {
		needAttach = true;
		script = document.createElement('script');

script.timeout = 120;
if (__webpack_require__.nc) {
  script.setAttribute("nonce", __webpack_require__.nc);
}

script.setAttribute("data-rspack", uniqueName + key);



script.src = url;



	}
	inProgress[url] = [done];
	var onScriptComplete = function (prev, event) {
		script.onerror = script.onload = null;
		clearTimeout(timeout);
		var doneFns = inProgress[url];
		delete inProgress[url];
		script.parentNode && script.parentNode.removeChild(script);
		doneFns &&
			doneFns.forEach(function (fn) {
				return fn(event);
			});
		if (prev) return prev(event);
	};
	var timeout = setTimeout(
		onScriptComplete.bind(null, undefined, {
			type: 'timeout',
			target: script
		}),
		120000
	);
	script.onerror = onScriptComplete.bind(null, script.onerror);
	script.onload = onScriptComplete.bind(null, script.onload);
	needAttach && document.head.appendChild(script);
};

})();
// webpack/runtime/make_namespace_object
(() => {
// define __esModule on exports
__webpack_require__.r = (exports) => {
	if(typeof Symbol !== 'undefined' && Symbol.toStringTag) {
		Object.defineProperty(exports, Symbol.toStringTag, { value: 'Module' });
	}
	Object.defineProperty(exports, '__esModule', { value: true });
};
})();
// webpack/runtime/on_chunk_loaded
(() => {
var deferred = [];
__webpack_require__.O = (result, chunkIds, fn, priority) => {
	if (chunkIds) {
		priority = priority || 0;
		for (var i = deferred.length; i > 0 && deferred[i - 1][2] > priority; i--)
			deferred[i] = deferred[i - 1];
		deferred[i] = [chunkIds, fn, priority];
		return;
	}
	var notFulfilled = Infinity;
	for (var i = 0; i < deferred.length; i++) {
		var [chunkIds, fn, priority] = deferred[i];
		var fulfilled = true;
		for (var j = 0; j < chunkIds.length; j++) {
			if (
				(priority & (1 === 0) || notFulfilled >= priority) &&
				Object.keys(__webpack_require__.O).every((key) => (__webpack_require__.O[key](chunkIds[j])))
			) {
				chunkIds.splice(j--, 1);
			} else {
				fulfilled = false;
				if (priority < notFulfilled) notFulfilled = priority;
			}
		}
		if (fulfilled) {
			deferred.splice(i--, 1);
			var r = fn();
			if (r !== undefined) result = r;
		}
	}
	return result;
};

})();
// webpack/runtime/public_path
(() => {
__webpack_require__.p = "/";
})();
// webpack/runtime/jsonp_chunk_loading
(() => {

      // object to store loaded and loading chunks
      // undefined = chunk not loaded, null = chunk preloaded/prefetched
      // [resolve, reject, Promise] = chunk loading, 0 = chunk loaded
      var jsonpInstalledChunks = {5: 0,};
      
        __webpack_require__.f.j = function (chunkId, promises) {
          // JSONP chunk loading for javascript
var installedChunkData = __webpack_require__.o(jsonpInstalledChunks, chunkId)
	? jsonpInstalledChunks[chunkId]
	: undefined;
if (installedChunkData !== 0) {
	// 0 means "already installed".

	// a Promise means "currently loading".
	if (installedChunkData) {
		promises.push(installedChunkData[2]);
	} else {
		if (true) {
			// setup Promise in chunk cache
			var promise = new Promise((resolve, reject) => (installedChunkData = jsonpInstalledChunks[chunkId] = [resolve, reject]));
			promises.push((installedChunkData[2] = promise));

			// start chunk loading
			var url = __webpack_require__.p + __webpack_require__.u(chunkId);
			// create error before stack unwound to get useful stacktrace later
			var error = new Error();
			var loadingEnded = function (event) {
				if (__webpack_require__.o(jsonpInstalledChunks, chunkId)) {
					installedChunkData = jsonpInstalledChunks[chunkId];
					if (installedChunkData !== 0) jsonpInstalledChunks[chunkId] = undefined;
					if (installedChunkData) {
						var errorType =
							event && (event.type === 'load' ? 'missing' : event.type);
						var realSrc = event && event.target && event.target.src;
						error.message =
							'Loading chunk ' +
							chunkId +
							' failed.\n(' +
							errorType +
							': ' +
							realSrc +
							')';
						error.name = 'ChunkLoadError';
						error.type = errorType;
						error.request = realSrc;
						installedChunkData[1](error);
					}
				}
			};
			__webpack_require__.l(url, loadingEnded, "chunk-" + chunkId, chunkId);
		} 
	}
}

        }
        __webpack_require__.O.j = (chunkId) => (jsonpInstalledChunks[chunkId] === 0);
// install a JSONP callback for chunk loading
var __rspack_jsonp = (parentChunkLoadingFunction, data) => {
	var [chunkIds, moreModules, runtime] = data;
	// add "moreModules" to the modules object,
	// then flag all "chunkIds" as loaded and fire callback
	var moduleId, chunkId, i = 0;
	if (chunkIds.some((id) => (jsonpInstalledChunks[id] !== 0))) {
		for (moduleId in moreModules) {
			if (__webpack_require__.o(moreModules, moduleId)) {
				__webpack_require__.m[moduleId] = moreModules[moduleId];
			}
		}
		if (runtime) var result = runtime(__webpack_require__);
	}
	if (parentChunkLoadingFunction) parentChunkLoadingFunction(data);
	for (; i < chunkIds.length; i++) {
		chunkId = chunkIds[i];
		if (
			__webpack_require__.o(jsonpInstalledChunks, chunkId) &&
			jsonpInstalledChunks[chunkId]
		) {
			jsonpInstalledChunks[chunkId][0]();
		}
		jsonpInstalledChunks[chunkId] = 0;
	}
	
	return __webpack_require__.O(result);
	
};

var jsonpChunkLoadingGlobal = self["rspackChunkrsbuild_vanilla_spa"] = self["rspackChunkrsbuild_vanilla_spa"] || [];
jsonpChunkLoadingGlobal.forEach(__rspack_jsonp.bind(null, 0));
jsonpChunkLoadingGlobal.push = __rspack_jsonp.bind(null, jsonpChunkLoadingGlobal.push.bind(jsonpChunkLoadingGlobal));

})();
// module factories are used so entry inlining is disabled
// startup
// Load entry module and return exports
var __webpack_exports__ = __webpack_require__.O(undefined, ["4"], () => __webpack_require__(0));
__webpack_exports__ = __webpack_require__.O(__webpack_exports__);
})()
;