import { _t } from "virtual:zintl/runtime/internal";
import _zintl_mgr_b_89ad0a7bfa7f from "virtual:zintl/manager/none/entry:b_89ad0a7bfa7f";
import { useState } from "react";

const locales = [
  { id: "en", name: "English" },
  { id: "ar", name: "العربية" },
  { id: "es", name: "Español" },
  { id: "zh", name: "中文" },
];

interface AppProps {
  lang: string;
  onSwitch: (newLang: string) => void;
}

/**
 * The heading lives here, in a component, and that is the point of this example.
 *
 * On `examples/rsbuild-spa` the heading is written by the entry itself, so the
 * only way to repaint it is to re-run the entry — which re-runs `zintl()` and
 * rebuilds the store. Here a repaint is an ordinary React render that merely
 * re-reads the catalog, which is the distinction the vanilla-only hypothesis
 * turns on (`027-leak-ledger.md`).
 */
export default function App({ lang, onSwitch }: AppProps) {
  const [count, setCount] = useState(0);

  return (
    <div key={lang}>
      {/* @zintl-ignore */}
      <div id="switcher">
        {locales.map((l) => (
          <button
            key={l.id}
            className={lang === l.id ? "active" : ""}
            onClick={() => onSwitch(l.id)}
          >
            {l.name}
          </button>
        ))}
      </div>

      <h1>{_t("90e40d50", { _mgr: _zintl_mgr_b_89ad0a7bfa7f, _bId: "b_147a3a1c1a40" })}</h1>
      <p>{<span style={{ display: "contents" }} dangerouslySetInnerHTML={{ __html: _t("9fd2f187", { _mgr: _zintl_mgr_b_89ad0a7bfa7f, _bId: "b_147a3a1c1a40", _tags: [{ alias: "code", originalOpen: `<code>`, tagName: "code" }, { alias: "code", originalOpen: `<code>`, tagName: "code" }] }) }} />}</p>

      <button id="counter" type="button" onClick={() => setCount((c) => c + 1)}>{_t("aa624128", { count: count }, { _mgr: _zintl_mgr_b_89ad0a7bfa7f, _bId: "b_147a3a1c1a40" })}</button>

      <h2>{_t("9e9cf322", { _mgr: _zintl_mgr_b_89ad0a7bfa7f, _bId: "b_147a3a1c1a40" })}</h2>
      <p>{_t("d0f7666b", { _mgr: _zintl_mgr_b_89ad0a7bfa7f, _bId: "b_147a3a1c1a40" })}</p>
    </div>
  );
}