<script setup lang="ts">
import _zintl_mgr_b_src_index_bootstrap from "virtual:zintl/manager/none/entry:b_src_index_bootstrap";
import { _t } from "virtual:zintl/runtime/internal";

 /**
 * Reached only through `() => import(...)` in `src/router.ts`, which is the
 * point of this example.
 *
 * These strings belong to a boundary the entry never imports statically, so
 * Zintl emits their catalog behind the same dynamic import Rspack uses for the
 * component. Nothing here is written differently because of that.
 */
</script>

<template>
  <div class="content">
    <h1>{{ _t('Everything is a plain string', { _mgr: _zintl_mgr_b_src_index_bootstrap, _bId: 'b_src_components_AboutWorld_vue' }) }}</h1>
    <p>{{ _t('This route arrived in its own chunk, and so did its translations.', { _mgr: _zintl_mgr_b_src_index_bootstrap, _bId: 'b_src_components_AboutWorld_vue' }) }}</p>
    <p><span v-html="_t('No <code>t()</code> wrapper, no key dictionary, no manual catalog.', { _mgr: _zintl_mgr_b_src_index_bootstrap, _bId: 'b_src_components_AboutWorld_vue', _tags: JSON.parse('[\x7b&quot;alias&quot;:&quot;code&quot;,&quot;originalOpen&quot;:&quot;<code>&quot;,&quot;tagName&quot;:&quot;code&quot;\x7d]') })"></span></p>
    <nav class="nav"><router-link id="to-home" to="/">{{ _t('Back to the start', { _mgr: _zintl_mgr_b_src_index_bootstrap, _bId: 'b_src_components_AboutWorld_vue' }) }}</router-link></nav>
  </div>
</template>