"use strict";
(self["rspackChunkrsbuild_vanilla_spa"] = self["rspackChunkrsbuild_vanilla_spa"] || []).push([[0], {
12(__unused_rspack_module, __webpack_exports__, __webpack_require__) {
__webpack_require__.r(__webpack_exports__);
__webpack_require__.d(__webpack_exports__, {
  About: () => (About)
});
/* import */ var virtual_zintl_runtime_internal__rspack_import_0 = __webpack_require__(1);
/* import */ var virtual_zintl_manager_none_entry_b_4f8017c0589a__rspack_import_1 = __webpack_require__(7);


/**
 * Reached only through `await import()`, which is the point.
 *
 * These strings belong to a boundary the entry never imports statically, so
 * Zintl emits their catalog behind the same dynamic import Rspack uses for the
 * page itself. Nothing here is written differently because of that.
 */ function About() {
    const container = document.createElement("div");
    container.className = "content";
    container.innerHTML = `
    <h1>${(0,virtual_zintl_runtime_internal__rspack_import_0._t)("abdb1589", {
        _mgr: virtual_zintl_manager_none_entry_b_4f8017c0589a__rspack_import_1["default"],
        _bId: "b_41f76352d384"
    })}</h1>
    <p>${(0,virtual_zintl_runtime_internal__rspack_import_0._t)("ab94eb45", {
        _mgr: virtual_zintl_manager_none_entry_b_4f8017c0589a__rspack_import_1["default"],
        _bId: "b_41f76352d384"
    })}</p>
    <p>${(0,virtual_zintl_runtime_internal__rspack_import_0._t)("5f2f4dd3", {
        _mgr: virtual_zintl_manager_none_entry_b_4f8017c0589a__rspack_import_1["default"],
        _bId: "b_41f76352d384",
        _tags: [
            {
                "alias": "code",
                "originalOpen": "<code>",
                "tagName": "code"
            }
        ]
    })}</p>
    <nav class="nav"><a id="to-home" href="/" data-link>${(0,virtual_zintl_runtime_internal__rspack_import_0._t)("a2bcccd6", {
        _mgr: virtual_zintl_manager_none_entry_b_4f8017c0589a__rspack_import_1["default"],
        _bId: "b_41f76352d384"
    })}</a></nav>
  `;
    return container;
}


},

}]);