<!doctype html>
<html lang="en">
  <head>
    <meta charset="UTF-8" />
    <meta name="viewport" content="width=device-width, initial-scale=1.0" />
    <title>Rsbuild SPA - Zintl falsification target</title>
  <script defer src="/static/js/3.js"></script><script defer src="/static/js/index.js"></script></head>
  <body>
    <div id="app"></div>
  </body>
</html>
