import { loadI18nInstance } from "virtual:zintl/runtime/internal";
import _zintl_mgr_b_src_entry_client_tsx_bootstrap from "virtual:zintl/manager/none/entry:b_src_entry_client_tsx_bootstrap";
import "./index.css";
import { StrictMode } from "react";
import { hydrateRoot } from "react-dom/client";
import App from "./App";


async function bootstrap() {
  await (globalThis.__zintl_inst = loadI18nInstance({ loaders: { ["b_src_entry_client_tsx_bootstrap"]: _zintl_mgr_b_src_entry_client_tsx_bootstrap.loader } }));
  hydrateRoot(
    document.getElementById("root") as HTMLElement,
    <StrictMode>
      <App />
    </StrictMode>,
  );
}
void bootstrap();


if (import.meta.hot) {
  import.meta.hot.accept(() => {
    // src/entry-client.tsx declares a trust anchor and this framework's mount is not
    // replayable: re-running it would mount again instead of replacing.
    import.meta.hot.invalidate();
  });
}