//#region \0virtual:zintl/content/ar/entry:b_aafcf9c6fe16
var catalog = { "b_d602f1d7fa4a": {
	"cadb7719": "شعار ليت",
	"3473a536": "شعار فيت",
	"567850fd": "عدل <code>src/my-element.ts</code> واحفظه لاختبار <code>HMR</code>",
	"aa624128": (params) => {
		const { count } = params;
		return `العدد هو ${params["count"]}`;
	},
	"9e9cf322": "التوثيق",
	"d0f7666b": "تمت الإجابة على أسئلتك",
	"e49cb0ee": "استكشف فيت",
	"824d76b1": "تعلم المزيد",
	"65ac13a7": "تواصل معنا",
	"15545bc4": "انضم إلى مجتمع فيت"
} };
//#endregion
export { catalog as default };
