"use strict";
(self["rspackChunkrsbuild_spa_fixture"] = self["rspackChunkrsbuild_spa_fixture"] || []).push([[0], {
12(__unused_rspack_module, __webpack_exports__, __webpack_require__) {
__webpack_require__.r(__webpack_exports__);
/* import */ var <MONOREPO_ROOT>_tmp_runs_wN_rsbuild_spa_src_i18n_src_about_ar_txt_zintl_raw__rspack_import_0 = __webpack_require__(13);

const catalog = {
    "b_ae1e7cbb2f74": {
      "90e40d50": "ابدأ الآن",
      "e2aae512": "عدّل <code>src/main.ts</code> واحفظ لاختبار <code>HMR</code>",
      "9e9cf322": "وثائق",
      "d0f7666b": "إجابات لأسئلتك",
    },
    "b_f05b8e5701f3": {
      "3aaf6932": (params) => {
    const { counter } = params;
    return `العدد هو ${params['counter']}`;
  },
    },
    "b_assets": {
    "749ed136": <MONOREPO_ROOT>_tmp_runs_wN_rsbuild_spa_src_i18n_src_about_ar_txt_zintl_raw__rspack_import_0,
  },
  };
/* export default */ __webpack_exports__["default"] = (catalog);

},
13(module) {
module.exports = "data:text/plain;base64,ZXhwb3J0IGRlZmF1bHQgItmK2KjZgtmKIFppbnRsINin2YTYqtix2KzZhdin2Kog2KjYrNin2YbYqCDYp9mE2LTZitmB2LHYqSDYp9mE2KrZiiDYqtit2KrYp9is2YfYpy5cbiI7";

},

}]);